Archive member included to satisfy reference by file (symbol)

d:/hcmut/nam 3/vi xu ly - vi dieu khien/set up/stm32cubeide/stm32cubeide_1.7.0/stm32cubeide/plugins/com.st.stm32cube.ide.mcu.externaltools.gnu-tools-for-stm32.9-2020-q2-update.win32_2.0.0.202105311346/tools/bin/../lib/gcc/arm-none-eabi/9.3.1/../../../../arm-none-eabi/lib/thumb/v7-m/nofp\libc_nano.a(lib_a-errno.o)
                              ./Core/Src/syscalls.o (__errno)
d:/hcmut/nam 3/vi xu ly - vi dieu khien/set up/stm32cubeide/stm32cubeide_1.7.0/stm32cubeide/plugins/com.st.stm32cube.ide.mcu.externaltools.gnu-tools-for-stm32.9-2020-q2-update.win32_2.0.0.202105311346/tools/bin/../lib/gcc/arm-none-eabi/9.3.1/../../../../arm-none-eabi/lib/thumb/v7-m/nofp\libc_nano.a(lib_a-exit.o)
                              d:/hcmut/nam 3/vi xu ly - vi dieu khien/set up/stm32cubeide/stm32cubeide_1.7.0/stm32cubeide/plugins/com.st.stm32cube.ide.mcu.externaltools.gnu-tools-for-stm32.9-2020-q2-update.win32_2.0.0.202105311346/tools/bin/../lib/gcc/arm-none-eabi/9.3.1/../../../../arm-none-eabi/lib/thumb/v7-m/nofp/crt0.o (exit)
d:/hcmut/nam 3/vi xu ly - vi dieu khien/set up/stm32cubeide/stm32cubeide_1.7.0/stm32cubeide/plugins/com.st.stm32cube.ide.mcu.externaltools.gnu-tools-for-stm32.9-2020-q2-update.win32_2.0.0.202105311346/tools/bin/../lib/gcc/arm-none-eabi/9.3.1/../../../../arm-none-eabi/lib/thumb/v7-m/nofp\libc_nano.a(lib_a-impure.o)
                              d:/hcmut/nam 3/vi xu ly - vi dieu khien/set up/stm32cubeide/stm32cubeide_1.7.0/stm32cubeide/plugins/com.st.stm32cube.ide.mcu.externaltools.gnu-tools-for-stm32.9-2020-q2-update.win32_2.0.0.202105311346/tools/bin/../lib/gcc/arm-none-eabi/9.3.1/../../../../arm-none-eabi/lib/thumb/v7-m/nofp\libc_nano.a(lib_a-exit.o) (_global_impure_ptr)
d:/hcmut/nam 3/vi xu ly - vi dieu khien/set up/stm32cubeide/stm32cubeide_1.7.0/stm32cubeide/plugins/com.st.stm32cube.ide.mcu.externaltools.gnu-tools-for-stm32.9-2020-q2-update.win32_2.0.0.202105311346/tools/bin/../lib/gcc/arm-none-eabi/9.3.1/../../../../arm-none-eabi/lib/thumb/v7-m/nofp\libc_nano.a(lib_a-init.o)
                              d:/hcmut/nam 3/vi xu ly - vi dieu khien/set up/stm32cubeide/stm32cubeide_1.7.0/stm32cubeide/plugins/com.st.stm32cube.ide.mcu.externaltools.gnu-tools-for-stm32.9-2020-q2-update.win32_2.0.0.202105311346/tools/bin/../lib/gcc/arm-none-eabi/9.3.1/../../../../arm-none-eabi/lib/thumb/v7-m/nofp/crt0.o (__libc_init_array)
d:/hcmut/nam 3/vi xu ly - vi dieu khien/set up/stm32cubeide/stm32cubeide_1.7.0/stm32cubeide/plugins/com.st.stm32cube.ide.mcu.externaltools.gnu-tools-for-stm32.9-2020-q2-update.win32_2.0.0.202105311346/tools/bin/../lib/gcc/arm-none-eabi/9.3.1/../../../../arm-none-eabi/lib/thumb/v7-m/nofp\libc_nano.a(lib_a-memset.o)
                              d:/hcmut/nam 3/vi xu ly - vi dieu khien/set up/stm32cubeide/stm32cubeide_1.7.0/stm32cubeide/plugins/com.st.stm32cube.ide.mcu.externaltools.gnu-tools-for-stm32.9-2020-q2-update.win32_2.0.0.202105311346/tools/bin/../lib/gcc/arm-none-eabi/9.3.1/../../../../arm-none-eabi/lib/thumb/v7-m/nofp/crt0.o (memset)

Allocating common symbols
Common symbol       size              file

timer_counter       0x10              ./Core/Src/software_timer.o
uwTick              0x4               ./Drivers/STM32F1xx_HAL_Driver/Src/stm32f1xx_hal.o
pFlash              0x20              ./Drivers/STM32F1xx_HAL_Driver/Src/stm32f1xx_hal_flash.o
mode                0x4               ./Core/Src/display_LED7SEG.o
secondSEG           0x4               ./Core/Src/display_LED7SEG.o
timer_flag          0x10              ./Core/Src/software_timer.o
firstSEG            0x4               ./Core/Src/display_LED7SEG.o
htim2               0x48              ./Core/Src/main.o

Discarded input sections

 .text          0x0000000000000000        0x0 d:/hcmut/nam 3/vi xu ly - vi dieu khien/set up/stm32cubeide/stm32cubeide_1.7.0/stm32cubeide/plugins/com.st.stm32cube.ide.mcu.externaltools.gnu-tools-for-stm32.9-2020-q2-update.win32_2.0.0.202105311346/tools/bin/../lib/gcc/arm-none-eabi/9.3.1/thumb/v7-m/nofp/crti.o
 .data          0x0000000000000000        0x0 d:/hcmut/nam 3/vi xu ly - vi dieu khien/set up/stm32cubeide/stm32cubeide_1.7.0/stm32cubeide/plugins/com.st.stm32cube.ide.mcu.externaltools.gnu-tools-for-stm32.9-2020-q2-update.win32_2.0.0.202105311346/tools/bin/../lib/gcc/arm-none-eabi/9.3.1/thumb/v7-m/nofp/crti.o
 .bss           0x0000000000000000        0x0 d:/hcmut/nam 3/vi xu ly - vi dieu khien/set up/stm32cubeide/stm32cubeide_1.7.0/stm32cubeide/plugins/com.st.stm32cube.ide.mcu.externaltools.gnu-tools-for-stm32.9-2020-q2-update.win32_2.0.0.202105311346/tools/bin/../lib/gcc/arm-none-eabi/9.3.1/thumb/v7-m/nofp/crti.o
 .data          0x0000000000000000        0x4 d:/hcmut/nam 3/vi xu ly - vi dieu khien/set up/stm32cubeide/stm32cubeide_1.7.0/stm32cubeide/plugins/com.st.stm32cube.ide.mcu.externaltools.gnu-tools-for-stm32.9-2020-q2-update.win32_2.0.0.202105311346/tools/bin/../lib/gcc/arm-none-eabi/9.3.1/thumb/v7-m/nofp/crtbegin.o
[...]
Memory Configuration

Name             Origin             Length             Attributes
RAM              0x0000000020000000 0x0000000000002800 xrw
FLASH            0x0000000008000000 0x0000000000008000 xr
*default*        0x0000000000000000 0xffffffffffffffff

Linker script and memory map

LOAD d:/hcmut/nam 3/vi xu ly - vi dieu khien/set up/stm32cubeide/stm32cubeide_1.7.0/stm32cubeide/plugins/com.st.stm32cube.ide.mcu.externaltools.gnu-tools-for-stm32.9-2020-q2-update.win32_2.0.0.202105311346/tools/bin/../lib/gcc/arm-none-eabi/9.3.1/thumb/v7-m/nofp/crti.o
LOAD d:/hcmut/nam 3/vi xu ly - vi dieu khien/set up/stm32cubeide/stm32cubeide_1.7.0/stm32cubeide/plugins/com.st.stm32cube.ide.mcu.externaltools.gnu-tools-for-stm32.9-2020-q2-update.win32_2.0.0.202105311346/tools/bin/../lib/gcc/arm-none-eabi/9.3.1/thumb/v7-m/nofp/crtbegin.o
LOAD d:/hcmut/nam 3/vi xu ly - vi dieu khien/set up/stm32cubeide/stm32cubeide_1.7.0/stm32cubeide/plugins/com.st.stm32cube.ide.mcu.externaltools.gnu-tools-for-stm32.9-2020-q2-update.win32_2.0.0.202105311346/tools/bin/../lib/gcc/arm-none-eabi/9.3.1/../../../../arm-none-eabi/lib/thumb/v7-m/nofp/crt0.o
LOAD ./Core/Src/display_LED7SEG.o
LOAD ./Core/Src/display_TrafficLight.o
LOAD ./Core/Src/fsm_auto.o
LOAD ./Core/Src/input_reading.o
LOAD ./Core/Src/main.o
LOAD ./Core/Src/software_timer.o
LOAD ./Core/Src/stm32f1xx_hal_msp.o
LOAD ./Core/Src/stm32f1xx_it.o
LOAD ./Core/Src/syscalls.o
LOAD ./Core/Src/sysmem.o
LOAD ./Core/Src/system_stm32f1xx.o
LOAD ./Core/Startup/startup_stm32f103c6ux.o
LOAD ./Drivers/STM32F1xx_HAL_Driver/Src/stm32f1xx_hal.o
LOAD ./Drivers/STM32F1xx_HAL_Driver/Src/stm32f1xx_hal_cortex.o
LOAD ./Drivers/STM32F1xx_HAL_Driver/Src/stm32f1xx_hal_dma.o
LOAD ./Drivers/STM32F1xx_HAL_Driver/Src/stm32f1xx_hal_exti.o
LOAD ./Drivers/STM32F1xx_HAL_Driver/Src/stm32f1xx_hal_flash.o
LOAD ./Drivers/STM32F1xx_HAL_Driver/Src/stm32f1xx_hal_flash_ex.o
LOAD ./Drivers/STM32F1xx_HAL_Driver/Src/stm32f1xx_hal_gpio.o
LOAD ./Drivers/STM32F1xx_HAL_Driver/Src/stm32f1xx_hal_gpio_ex.o
LOAD ./Drivers/STM32F1xx_HAL_Driver/Src/stm32f1xx_hal_pwr.o
LOAD ./Drivers/STM32F1xx_HAL_Driver/Src/stm32f1xx_hal_rcc.o
LOAD ./Drivers/STM32F1xx_HAL_Driver/Src/stm32f1xx_hal_rcc_ex.o
LOAD ./Drivers/STM32F1xx_HAL_Driver/Src/stm32f1xx_hal_tim.o
LOAD ./Drivers/STM32F1xx_HAL_Driver/Src/stm32f1xx_hal_tim_ex.o
START GROUP
LOAD d:/hcmut/nam 3/vi xu ly - vi dieu khien/set up/stm32cubeide/stm32cubeide_1.7.0/stm32cubeide/plugins/com.st.stm32cube.ide.mcu.externaltools.gnu-tools-for-stm32.9-2020-q2-update.win32_2.0.0.202105311346/tools/bin/../lib/gcc/arm-none-eabi/9.3.1/../../../../arm-none-eabi/lib/thumb/v7-m/nofp\libc_nano.a
LOAD d:/hcmut/nam 3/vi xu ly - vi dieu khien/set up/stm32cubeide/stm32cubeide_1.7.0/stm32cubeide/plugins/com.st.stm32cube.ide.mcu.externaltools.gnu-tools-for-stm32.9-2020-q2-update.win32_2.0.0.202105311346/tools/bin/../lib/gcc/arm-none-eabi/9.3.1/../../../../arm-none-eabi/lib/thumb/v7-m/nofp\libm.a
END GROUP
START GROUP
LOAD d:/hcmut/nam 3/vi xu ly - vi dieu khien/set up/stm32cubeide/stm32cubeide_1.7.0/stm32cubeide/plugins/com.st.stm32cube.ide.mcu.externaltools.gnu-tools-for-stm32.9-2020-q2-update.win32_2.0.0.202105311346/tools/bin/../lib/gcc/arm-none-eabi/9.3.1/thumb/v7-m/nofp\libgcc.a
LOAD d:/hcmut/nam 3/vi xu ly - vi dieu khien/set up/stm32cubeide/stm32cubeide_1.7.0/stm32cubeide/plugins/com.st.stm32cube.ide.mcu.externaltools.gnu-tools-for-stm32.9-2020-q2-update.win32_2.0.0.202105311346/tools/bin/../lib/gcc/arm-none-eabi/9.3.1/../../../../arm-none-eabi/lib/thumb/v7-m/nofp\libc_nano.a
END GROUP
START GROUP
LOAD d:/hcmut/nam 3/vi xu ly - vi dieu khien/set up/stm32cubeide/stm32cubeide_1.7.0/stm32cubeide/plugins/com.st.stm32cube.ide.mcu.externaltools.gnu-tools-for-stm32.9-2020-q2-update.win32_2.0.0.202105311346/tools/bin/../lib/gcc/arm-none-eabi/9.3.1/thumb/v7-m/nofp\libgcc.a
LOAD d:/hcmut/nam 3/vi xu ly - vi dieu khien/set up/stm32cubeide/stm32cubeide_1.7.0/stm32cubeide/plugins/com.st.stm32cube.ide.mcu.externaltools.gnu-tools-for-stm32.9-2020-q2-update.win32_2.0.0.202105311346/tools/bin/../lib/gcc/arm-none-eabi/9.3.1/../../../../arm-none-eabi/lib/thumb/v7-m/nofp\libc_nano.a
LOAD d:/hcmut/nam 3/vi xu ly - vi dieu khien/set up/stm32cubeide/stm32cubeide_1.7.0/stm32cubeide/plugins/com.st.stm32cube.ide.mcu.externaltools.gnu-tools-for-stm32.9-2020-q2-update.win32_2.0.0.202105311346/tools/bin/../lib/gcc/arm-none-eabi/9.3.1/../../../../arm-none-eabi/lib/thumb/v7-m/nofp\libnosys.a
END GROUP
START GROUP
LOAD d:/hcmut/nam 3/vi xu ly - vi dieu khien/set up/stm32cubeide/stm32cubeide_1.7.0/stm32cubeide/plugins/com.st.stm32cube.ide.mcu.externaltools.gnu-tools-for-stm32.9-2020-q2-update.win32_2.0.0.202105311346/tools/bin/../lib/gcc/arm-none-eabi/9.3.1/thumb/v7-m/nofp\libgcc.a
LOAD d:/hcmut/nam 3/vi xu ly - vi dieu khien/set up/stm32cubeide/stm32cubeide_1.7.0/stm32cubeide/plugins/com.st.stm32cube.ide.mcu.externaltools.gnu-tools-for-stm32.9-2020-q2-update.win32_2.0.0.202105311346/tools/bin/../lib/gcc/arm-none-eabi/9.3.1/../../../../arm-none-eabi/lib/thumb/v7-m/nofp\libc_nano.a
LOAD d:/hcmut/nam 3/vi xu ly - vi dieu khien/set up/stm32cubeide/stm32cubeide_1.7.0/stm32cubeide/plugins/com.st.stm32cube.ide.mcu.externaltools.gnu-tools-for-stm32.9-2020-q2-update.win32_2.0.0.202105311346/tools/bin/../lib/gcc/arm-none-eabi/9.3.1/../../../../arm-none-eabi/lib/thumb/v7-m/nofp\libnosys.a
END GROUP
LOAD d:/hcmut/nam 3/vi xu ly - vi dieu khien/set up/stm32cubeide/stm32cubeide_1.7.0/stm32cubeide/plugins/com.st.stm32cube.ide.mcu.externaltools.gnu-tools-for-stm32.9-2020-q2-update.win32_2.0.0.202105311346/tools/bin/../lib/gcc/arm-none-eabi/9.3.1/thumb/v7-m/nofp/crtend.o
LOAD d:/hcmut/nam 3/vi xu ly - vi dieu khien/set up/stm32cubeide/stm32cubeide_1.7.0/stm32cubeide/plugins/com.st.stm32cube.ide.mcu.externaltools.gnu-tools-for-stm32.9-2020-q2-update.win32_2.0.0.202105311346/tools/bin/../lib/gcc/arm-none-eabi/9.3.1/thumb/v7-m/nofp/crtn.o
                0x0000000020002800                _estack = (ORIGIN (RAM) + LENGTH (RAM))
                0x0000000000000200                _Min_Heap_Size = 0x200
                0x0000000000000400                _Min_Stack_Size = 0x400

.isr_vector     0x0000000008000000      0x10c
                0x0000000008000000                . = ALIGN (0x4)
 *(.isr_vector)
 .isr_vector    0x0000000008000000      0x10c ./Core/Startup/startup_stm32f103c6ux.o
                0x0000000008000000                g_pfnVectors
                0x000000000800010c                . = ALIGN (0x4)

.text           0x000000000800010c     0x28f0
                0x000000000800010c                . = ALIGN (0x4)
 *(.text)
 .text          0x000000000800010c       0x40 d:/hcmut/nam 3/vi xu ly - vi dieu khien/set up/stm32cubeide/stm32cubeide_1.7.0/stm32cubeide/plugins/com.st.stm32cube.ide.mcu.externaltools.gnu-tools-for-stm32.9-2020-q2-update.win32_2.0.0.202105311346/tools/bin/../lib/gcc/arm-none-eabi/9.3.1/thumb/v7-m/nofp/crtbegin.o
 *(.text*)
 .text.display7SEG
                0x000000000800014c      0x320 ./Core/Src/display_LED7SEG.o
 .text.led7SEGInitState
                0x000000000800046c       0x5c ./Core/Src/display_LED7SEG.o
                0x000000000800046c                led7SEGInitState
 .text.led7SEGScan
                0x00000000080004c8      0x148 ./Core/Src/display_LED7SEG.o
                0x00000000080004c8                led7SEGScan
 .text.trafficInitState
                0x0000000008000610       0x38 ./Core/Src/display_TrafficLight.o
                0x0000000008000610                trafficInitState
 .text.trafficReState
                0x0000000008000648      0x1b4 ./Core/Src/display_TrafficLight.o
                0x0000000008000648                trafficReState
 .text.fsmInitState
                0x00000000080007fc       0x12 ./Core/Src/fsm_auto.o
                0x00000000080007fc                fsmInitState
 *fill*         0x000000000800080e        0x2 
 .text.fsmReState
                0x0000000008000810      0x114 ./Core/Src/fsm_auto.o
                0x0000000008000810                fsmReState
 .text.fsmProcess
                0x0000000008000924      0x4c4 ./Core/Src/fsm_auto.o
                0x0000000008000924                fsmProcess
 .text.buttonReading
                0x0000000008000de8      0x134 ./Core/Src/input_reading.o
                0x0000000008000de8                buttonReading
 .text.buttonPress
                0x0000000008000f1c       0x44 ./Core/Src/input_reading.o
                0x0000000008000f1c                buttonPress
 .text.main     0x0000000008000f60       0x4c ./Core/Src/main.o
                0x0000000008000f60                main
 .text.SystemClock_Config
                0x0000000008000fac       0x80 ./Core/Src/main.o
                0x0000000008000fac                SystemClock_Config
 .text.MX_TIM2_Init
                0x000000000800102c       0x98 ./Core/Src/main.o
 .text.MX_GPIO_Init
                0x00000000080010c4       0xc4 ./Core/Src/main.o
 .text.HAL_TIM_PeriodElapsedCallback
                0x0000000008001188       0x18 ./Core/Src/main.o
                0x0000000008001188                HAL_TIM_PeriodElapsedCallback
 .text.Error_Handler
                0x00000000080011a0        0xa ./Core/Src/main.o
                0x00000000080011a0                Error_Handler
 *fill*         0x00000000080011aa        0x2 
 .text.setTimer
                0x00000000080011ac       0x48 ./Core/Src/software_timer.o
                0x00000000080011ac                setTimer
 .text.timerRun
                0x00000000080011f4       0x60 ./Core/Src/software_timer.o
                0x00000000080011f4                timerRun
 .text.getTimerFlag
                0x0000000008001254       0x2c ./Core/Src/software_timer.o
                0x0000000008001254                getTimerFlag
 .text.HAL_MspInit
                0x0000000008001280       0x64 ./Core/Src/stm32f1xx_hal_msp.o
                0x0000000008001280                HAL_MspInit
 .text.HAL_TIM_Base_MspInit
                0x00000000080012e4       0x48 ./Core/Src/stm32f1xx_hal_msp.o
                0x00000000080012e4                HAL_TIM_Base_MspInit
 .text.NMI_Handler
                0x000000000800132c        0x6 ./Core/Src/stm32f1xx_it.o
                0x000000000800132c                NMI_Handler
 .text.HardFault_Handler
                0x0000000008001332        0x6 ./Core/Src/stm32f1xx_it.o
                0x0000000008001332                HardFault_Handler
 .text.MemManage_Handler
                0x0000000008001338        0x6 ./Core/Src/stm32f1xx_it.o
                0x0000000008001338                MemManage_Handler
 .text.BusFault_Handler
                0x000000000800133e        0x6 ./Core/Src/stm32f1xx_it.o
                0x000000000800133e                BusFault_Handler
 .text.UsageFault_Handler
                0x0000000008001344        0x6 ./Core/Src/stm32f1xx_it.o
                0x0000000008001344                UsageFault_Handler
 .text.SVC_Handler
                0x000000000800134a        0xc ./Core/Src/stm32f1xx_it.o
                0x000000000800134a                SVC_Handler
 .text.DebugMon_Handler
                0x0000000008001356        0xc ./Core/Src/stm32f1xx_it.o
                0x0000000008001356                DebugMon_Handler
 .text.PendSV_Handler
                0x0000000008001362        0xc ./Core/Src/stm32f1xx_it.o
                0x0000000008001362                PendSV_Handler
 .text.SysTick_Handler
                0x000000000800136e        0xc ./Core/Src/stm32f1xx_it.o
                0x000000000800136e                SysTick_Handler
 *fill*         0x000000000800137a        0x2 
 .text.TIM2_IRQHandler
                0x000000000800137c       0x14 ./Core/Src/stm32f1xx_it.o
                0x000000000800137c                TIM2_IRQHandler
 .text.SystemInit
                0x0000000008001390        0xc ./Core/Src/system_stm32f1xx.o
                0x0000000008001390                SystemInit
 .text.Reset_Handler
                0x000000000800139c       0x48 ./Core/Startup/startup_stm32f103c6ux.o
                0x000000000800139c                Reset_Handler
 .text.Default_Handler
                0x00000000080013e4        0x2 ./Core/Startup/startup_stm32f103c6ux.o
                0x00000000080013e4                RTC_Alarm_IRQHandler
                0x00000000080013e4                EXTI2_IRQHandler
                0x00000000080013e4                TIM1_CC_IRQHandler
                0x00000000080013e4                PVD_IRQHandler
                0x00000000080013e4                EXTI3_IRQHandler
                0x00000000080013e4                EXTI0_IRQHandler
                0x00000000080013e4                ADC1_2_IRQHandler
                0x00000000080013e4                SPI1_IRQHandler
                0x00000000080013e4                TAMPER_IRQHandler
                0x00000000080013e4                DMA1_Channel4_IRQHandler
                0x00000000080013e4                RTC_IRQHandler
                0x00000000080013e4                DMA1_Channel7_IRQHandler
                0x00000000080013e4                CAN1_RX1_IRQHandler
                0x00000000080013e4                I2C1_EV_IRQHandler
                0x00000000080013e4                DMA1_Channel6_IRQHandler
                0x00000000080013e4                TIM3_IRQHandler
                0x00000000080013e4                RCC_IRQHandler
                0x00000000080013e4                TIM1_TRG_COM_IRQHandler
                0x00000000080013e4                DMA1_Channel1_IRQHandler
                0x00000000080013e4                Default_Handler
                0x00000000080013e4                EXTI15_10_IRQHandler
                0x00000000080013e4                EXTI9_5_IRQHandler
                0x00000000080013e4                DMA1_Channel5_IRQHandler
                0x00000000080013e4                EXTI4_IRQHandler
                0x00000000080013e4                USB_LP_CAN1_RX0_IRQHandler
                0x00000000080013e4                USB_HP_CAN1_TX_IRQHandler
                0x00000000080013e4                DMA1_Channel3_IRQHandler
                0x00000000080013e4                TIM1_UP_IRQHandler
                0x00000000080013e4                WWDG_IRQHandler
                0x00000000080013e4                TIM1_BRK_IRQHandler
                0x00000000080013e4                EXTI1_IRQHandler
                0x00000000080013e4                USART2_IRQHandler
                0x00000000080013e4                DMA1_Channel2_IRQHandler
                0x00000000080013e4                CAN1_SCE_IRQHandler
                0x00000000080013e4                FLASH_IRQHandler
                0x00000000080013e4                USART1_IRQHandler
                0x00000000080013e4                I2C1_ER_IRQHandler
                0x00000000080013e4                USBWakeUp_IRQHandler
 *fill*         0x00000000080013e6        0x2 
 .text.HAL_Init
                0x00000000080013e8       0x2c ./Drivers/STM32F1xx_HAL_Driver/Src/stm32f1xx_hal.o
                0x00000000080013e8                HAL_Init
 .text.HAL_InitTick
                0x0000000008001414       0x60 ./Drivers/STM32F1xx_HAL_Driver/Src/stm32f1xx_hal.o
                0x0000000008001414                HAL_InitTick
 .text.HAL_IncTick
                0x0000000008001474       0x24 ./Drivers/STM32F1xx_HAL_Driver/Src/stm32f1xx_hal.o
                0x0000000008001474                HAL_IncTick
 .text.HAL_GetTick
                0x0000000008001498       0x14 ./Drivers/STM32F1xx_HAL_Driver/Src/stm32f1xx_hal.o
                0x0000000008001498                HAL_GetTick
 .text.__NVIC_SetPriorityGrouping
                0x00000000080014ac       0x48 ./Drivers/STM32F1xx_HAL_Driver/Src/stm32f1xx_hal_cortex.o
 .text.__NVIC_GetPriorityGrouping
                0x00000000080014f4       0x1c ./Drivers/STM32F1xx_HAL_Driver/Src/stm32f1xx_hal_cortex.o
 .text.__NVIC_EnableIRQ
                0x0000000008001510       0x38 ./Drivers/STM32F1xx_HAL_Driver/Src/stm32f1xx_hal_cortex.o
 .text.__NVIC_SetPriority
                0x0000000008001548       0x54 ./Drivers/STM32F1xx_HAL_Driver/Src/stm32f1xx_hal_cortex.o
 .text.NVIC_EncodePriority
                0x000000000800159c       0x64 ./Drivers/STM32F1xx_HAL_Driver/Src/stm32f1xx_hal_cortex.o
 .text.SysTick_Config
                0x0000000008001600       0x44 ./Drivers/STM32F1xx_HAL_Driver/Src/stm32f1xx_hal_cortex.o
 .text.HAL_NVIC_SetPriorityGrouping
                0x0000000008001644       0x16 ./Drivers/STM32F1xx_HAL_Driver/Src/stm32f1xx_hal_cortex.o
                0x0000000008001644                HAL_NVIC_SetPriorityGrouping
 .text.HAL_NVIC_SetPriority
                0x000000000800165a       0x38 ./Drivers/STM32F1xx_HAL_Driver/Src/stm32f1xx_hal_cortex.o
                0x000000000800165a                HAL_NVIC_SetPriority
 .text.HAL_NVIC_EnableIRQ
                0x0000000008001692       0x1c ./Drivers/STM32F1xx_HAL_Driver/Src/stm32f1xx_hal_cortex.o
                0x0000000008001692                HAL_NVIC_EnableIRQ
 .text.HAL_SYSTICK_Config
                0x00000000080016ae       0x18 ./Drivers/STM32F1xx_HAL_Driver/Src/stm32f1xx_hal_cortex.o
                0x00000000080016ae                HAL_SYSTICK_Config
 *fill*         0x00000000080016c6        0x2 
 .text.HAL_GPIO_Init
                0x00000000080016c8      0x2f4 ./Drivers/STM32F1xx_HAL_Driver/Src/stm32f1xx_hal_gpio.o
                0x00000000080016c8                HAL_GPIO_Init
 .text.HAL_GPIO_ReadPin
                0x00000000080019bc       0x2e ./Drivers/STM32F1xx_HAL_Driver/Src/stm32f1xx_hal_gpio.o
                0x00000000080019bc                HAL_GPIO_ReadPin
 .text.HAL_GPIO_WritePin
                0x00000000080019ea       0x30 ./Drivers/STM32F1xx_HAL_Driver/Src/stm32f1xx_hal_gpio.o
                0x00000000080019ea                HAL_GPIO_WritePin
 *fill*         0x0000000008001a1a        0x2 
 .text.HAL_RCC_OscConfig
                0x0000000008001a1c      0x500 ./Drivers/STM32F1xx_HAL_Driver/Src/stm32f1xx_hal_rcc.o
                0x0000000008001a1c                HAL_RCC_OscConfig
 .text.HAL_RCC_ClockConfig
                0x0000000008001f1c      0x1d4 ./Drivers/STM32F1xx_HAL_Driver/Src/stm32f1xx_hal_rcc.o
                0x0000000008001f1c                HAL_RCC_ClockConfig
 .text.HAL_RCC_GetSysClockFreq
                0x00000000080020f0       0xa8 ./Drivers/STM32F1xx_HAL_Driver/Src/stm32f1xx_hal_rcc.o
                0x00000000080020f0                HAL_RCC_GetSysClockFreq
 .text.RCC_Delay
                0x0000000008002198       0x3c ./Drivers/STM32F1xx_HAL_Driver/Src/stm32f1xx_hal_rcc.o
 .text.HAL_TIM_Base_Init
                0x00000000080021d4       0x9e ./Drivers/STM32F1xx_HAL_Driver/Src/stm32f1xx_hal_tim.o
                0x00000000080021d4                HAL_TIM_Base_Init
 *fill*         0x0000000008002272        0x2 
 .text.HAL_TIM_Base_Start_IT
                0x0000000008002274       0x98 ./Drivers/STM32F1xx_HAL_Driver/Src/stm32f1xx_hal_tim.o
                0x0000000008002274                HAL_TIM_Base_Start_IT
 .text.HAL_TIM_IRQHandler
                0x000000000800230c      0x1e0 ./Drivers/STM32F1xx_HAL_Driver/Src/stm32f1xx_hal_tim.o
                0x000000000800230c                HAL_TIM_IRQHandler
 .text.HAL_TIM_ConfigClockSource
                0x00000000080024ec      0x18e ./Drivers/STM32F1xx_HAL_Driver/Src/stm32f1xx_hal_tim.o
                0x00000000080024ec                HAL_TIM_ConfigClockSource
 .text.HAL_TIM_OC_DelayElapsedCallback
                0x000000000800267a       0x12 ./Drivers/STM32F1xx_HAL_Driver/Src/stm32f1xx_hal_tim.o
                0x000000000800267a                HAL_TIM_OC_DelayElapsedCallback
 .text.HAL_TIM_IC_CaptureCallback
                0x000000000800268c       0x12 ./Drivers/STM32F1xx_HAL_Driver/Src/stm32f1xx_hal_tim.o
                0x000000000800268c                HAL_TIM_IC_CaptureCallback
 .text.HAL_TIM_PWM_PulseFinishedCallback
                0x000000000800269e       0x12 ./Drivers/STM32F1xx_HAL_Driver/Src/stm32f1xx_hal_tim.o
                0x000000000800269e                HAL_TIM_PWM_PulseFinishedCallback
 .text.HAL_TIM_TriggerCallback
                0x00000000080026b0       0x12 ./Drivers/STM32F1xx_HAL_Driver/Src/stm32f1xx_hal_tim.o
                0x00000000080026b0                HAL_TIM_TriggerCallback
 *fill*         0x00000000080026c2        0x2 
 .text.TIM_Base_SetConfig
                0x00000000080026c4       0xc8 ./Drivers/STM32F1xx_HAL_Driver/Src/stm32f1xx_hal_tim.o
                0x00000000080026c4                TIM_Base_SetConfig
 .text.TIM_TI1_ConfigInputStage
                0x000000000800278c       0x5c ./Drivers/STM32F1xx_HAL_Driver/Src/stm32f1xx_hal_tim.o
 .text.TIM_TI2_ConfigInputStage
                0x00000000080027e8       0x5e ./Drivers/STM32F1xx_HAL_Driver/Src/stm32f1xx_hal_tim.o
 .text.TIM_ITRx_SetConfig
                0x0000000008002846       0x34 ./Drivers/STM32F1xx_HAL_Driver/Src/stm32f1xx_hal_tim.o
 .text.TIM_ETR_SetConfig
                0x000000000800287a       0x3e ./Drivers/STM32F1xx_HAL_Driver/Src/stm32f1xx_hal_tim.o
                0x000000000800287a                TIM_ETR_SetConfig
 .text.HAL_TIMEx_MasterConfigSynchronization
                0x00000000080028b8       0xb0 ./Drivers/STM32F1xx_HAL_Driver/Src/stm32f1xx_hal_tim_ex.o
                0x00000000080028b8                HAL_TIMEx_MasterConfigSynchronization
 .text.HAL_TIMEx_CommutCallback
                0x0000000008002968       0x12 ./Drivers/STM32F1xx_HAL_Driver/Src/stm32f1xx_hal_tim_ex.o
                0x0000000008002968                HAL_TIMEx_CommutCallback
 .text.HAL_TIMEx_BreakCallback
                0x000000000800297a       0x12 ./Drivers/STM32F1xx_HAL_Driver/Src/stm32f1xx_hal_tim_ex.o
                0x000000000800297a                HAL_TIMEx_BreakCallback
 .text.__libc_init_array
                0x000000000800298c       0x48 d:/hcmut/nam 3/vi xu ly - vi dieu khien/set up/stm32cubeide/stm32cubeide_1.7.0/stm32cubeide/plugins/com.st.stm32cube.ide.mcu.externaltools.gnu-tools-for-stm32.9-2020-q2-update.win32_2.0.0.202105311346/tools/bin/../lib/gcc/arm-none-eabi/9.3.1/../../../../arm-none-eabi/lib/thumb/v7-m/nofp\libc_nano.a(lib_a-init.o)
                0x000000000800298c                __libc_init_array
 .text.memset   0x00000000080029d4       0x10 d:/hcmut/nam 3/vi xu ly - vi dieu khien/set up/stm32cubeide/stm32cubeide_1.7.0/stm32cubeide/plugins/com.st.stm32cube.ide.mcu.externaltools.gnu-tools-for-stm32.9-2020-q2-update.win32_2.0.0.202105311346/tools/bin/../lib/gcc/arm-none-eabi/9.3.1/../../../../arm-none-eabi/lib/thumb/v7-m/nofp\libc_nano.a(lib_a-memset.o)
                0x00000000080029d4                memset
 *(.glue_7)
 .glue_7        0x00000000080029e4        0x0 linker stubs
 *(.glue_7t)
 .glue_7t       0x00000000080029e4        0x0 linker stubs
 *(.eh_frame)
 .eh_frame      0x00000000080029e4        0x0 d:/hcmut/nam 3/vi xu ly - vi dieu khien/set up/stm32cubeide/stm32cubeide_1.7.0/stm32cubeide/plugins/com.st.stm32cube.ide.mcu.externaltools.gnu-tools-for-stm32.9-2020-q2-update.win32_2.0.0.202105311346/tools/bin/../lib/gcc/arm-none-eabi/9.3.1/thumb/v7-m/nofp/crtbegin.o
 *(.init)
 .init          0x00000000080029e4        0x4 d:/hcmut/nam 3/vi xu ly - vi dieu khien/set up/stm32cubeide/stm32cubeide_1.7.0/stm32cubeide/plugins/com.st.stm32cube.ide.mcu.externaltools.gnu-tools-for-stm32.9-2020-q2-update.win32_2.0.0.202105311346/tools/bin/../lib/gcc/arm-none-eabi/9.3.1/thumb/v7-m/nofp/crti.o
                0x00000000080029e4                _init
 .init          0x00000000080029e8        0x8 d:/hcmut/nam 3/vi xu ly - vi dieu khien/set up/stm32cubeide/stm32cubeide_1.7.0/stm32cubeide/plugins/com.st.stm32cube.ide.mcu.externaltools.gnu-tools-for-stm32.9-2020-q2-update.win32_2.0.0.202105311346/tools/bin/../lib/gcc/arm-none-eabi/9.3.1/thumb/v7-m/nofp/crtn.o
 *(.fini)
 .fini          0x00000000080029f0        0x4 d:/hcmut/nam 3/vi xu ly - vi dieu khien/set up/stm32cubeide/stm32cubeide_1.7.0/stm32cubeide/plugins/com.st.stm32cube.ide.mcu.externaltools.gnu-tools-for-stm32.9-2020-q2-update.win32_2.0.0.202105311346/tools/bin/../lib/gcc/arm-none-eabi/9.3.1/thumb/v7-m/nofp/crti.o
                0x00000000080029f0                _fini
 .fini          0x00000000080029f4        0x8 d:/hcmut/nam 3/vi xu ly - vi dieu khien/set up/stm32cubeide/stm32cubeide_1.7.0/stm32cubeide/plugins/com.st.stm32cube.ide.mcu.externaltools.gnu-tools-for-stm32.9-2020-q2-update.win32_2.0.0.202105311346/tools/bin/../lib/gcc/arm-none-eabi/9.3.1/thumb/v7-m/nofp/crtn.o
                0x00000000080029fc                . = ALIGN (0x4)
                0x00000000080029fc                _etext = .

.vfp11_veneer   0x00000000080029fc        0x0
 .vfp11_veneer  0x00000000080029fc        0x0 linker stubs

.v4_bx          0x00000000080029fc        0x0
 .v4_bx         0x00000000080029fc        0x0 linker stubs

.iplt           0x00000000080029fc        0x0
 .iplt          0x00000000080029fc        0x0 d:/hcmut/nam 3/vi xu ly - vi dieu khien/set up/stm32cubeide/stm32cubeide_1.7.0/stm32cubeide/plugins/com.st.stm32cube.ide.mcu.externaltools.gnu-tools-for-stm32.9-2020-q2-update.win32_2.0.0.202105311346/tools/bin/../lib/gcc/arm-none-eabi/9.3.1/thumb/v7-m/nofp/crtbegin.o

.rodata         0x00000000080029fc       0x24
                0x00000000080029fc                . = ALIGN (0x4)
 *(.rodata)
 *(.rodata*)
 .rodata.AHBPrescTable
                0x00000000080029fc       0x10 ./Core/Src/system_stm32f1xx.o
                0x00000000080029fc                AHBPrescTable
 .rodata.aPLLMULFactorTable.6032
                0x0000000008002a0c       0x10 ./Drivers/STM32F1xx_HAL_Driver/Src/stm32f1xx_hal_rcc.o
 .rodata.aPredivFactorTable.6033
                0x0000000008002a1c        0x2 ./Drivers/STM32F1xx_HAL_Driver/Src/stm32f1xx_hal_rcc.o
                0x0000000008002a20                . = ALIGN (0x4)
 *fill*         0x0000000008002a1e        0x2 

.rel.dyn        0x0000000008002a20        0x0
 .rel.iplt      0x0000000008002a20        0x0 d:/hcmut/nam 3/vi xu ly - vi dieu khien/set up/stm32cubeide/stm32cubeide_1.7.0/stm32cubeide/plugins/com.st.stm32cube.ide.mcu.externaltools.gnu-tools-for-stm32.9-2020-q2-update.win32_2.0.0.202105311346/tools/bin/../lib/gcc/arm-none-eabi/9.3.1/thumb/v7-m/nofp/crtbegin.o

.ARM.extab      0x0000000008002a20        0x0
                0x0000000008002a20                . = ALIGN (0x4)
 *(.ARM.extab* .gnu.linkonce.armextab.*)
                0x0000000008002a20                . = ALIGN (0x4)

.ARM            0x0000000008002a20        0x0
                0x0000000008002a20                . = ALIGN (0x4)
                0x0000000008002a20                __exidx_start = .
 *(.ARM.exidx*)
                0x0000000008002a20                __exidx_end = .
                0x0000000008002a20                . = ALIGN (0x4)

.preinit_array  0x0000000008002a20        0x0
                0x0000000008002a20                . = ALIGN (0x4)
                0x0000000008002a20                PROVIDE (__preinit_array_start = .)
 *(.preinit_array*)
                0x0000000008002a20                PROVIDE (__preinit_array_end = .)
                0x0000000008002a20                . = ALIGN (0x4)

.init_array     0x0000000008002a20        0x4
                0x0000000008002a20                . = ALIGN (0x4)
                0x0000000008002a20                PROVIDE (__init_array_start = .)
 *(SORT_BY_NAME(.init_array.*))
 *(.init_array*)
 .init_array    0x0000000008002a20        0x4 d:/hcmut/nam 3/vi xu ly - vi dieu khien/set up/stm32cubeide/stm32cubeide_1.7.0/stm32cubeide/plugins/com.st.stm32cube.ide.mcu.externaltools.gnu-tools-for-stm32.9-2020-q2-update.win32_2.0.0.202105311346/tools/bin/../lib/gcc/arm-none-eabi/9.3.1/thumb/v7-m/nofp/crtbegin.o
                0x0000000008002a24                PROVIDE (__init_array_end = .)
                0x0000000008002a24                . = ALIGN (0x4)

.fini_array     0x0000000008002a24        0x4
                0x0000000008002a24                . = ALIGN (0x4)
                [!provide]                        PROVIDE (__fini_array_start = .)
 *(SORT_BY_NAME(.fini_array.*))
 *(.fini_array*)
 .fini_array    0x0000000008002a24        0x4 d:/hcmut/nam 3/vi xu ly - vi dieu khien/set up/stm32cubeide/stm32cubeide_1.7.0/stm32cubeide/plugins/com.st.stm32cube.ide.mcu.externaltools.gnu-tools-for-stm32.9-2020-q2-update.win32_2.0.0.202105311346/tools/bin/../lib/gcc/arm-none-eabi/9.3.1/thumb/v7-m/nofp/crtbegin.o
                [!provide]                        PROVIDE (__fini_array_end = .)
                0x0000000008002a28                . = ALIGN (0x4)
                0x0000000008002a28                _sidata = LOADADDR (.data)

.data           0x0000000020000000       0x38 load address 0x0000000008002a28
                0x0000000020000000                . = ALIGN (0x4)
                0x0000000020000000                _sdata = .
 *(.data)
 *(.data*)
 .data.trafficRedPorts
                0x0000000020000000        0x8 ./Core/Src/display_TrafficLight.o
 .data.trafficYellowPorts
                0x0000000020000008        0x8 ./Core/Src/display_TrafficLight.o
 .data.trafficGreenPorts
                0x0000000020000010        0x8 ./Core/Src/display_TrafficLight.o
 .data.trafficRedPins
                0x0000000020000018        0x4 ./Core/Src/display_TrafficLight.o
 .data.trafficYellowPins
                0x000000002000001c        0x4 ./Core/Src/display_TrafficLight.o
 .data.trafficGreenPins
                0x0000000020000020        0x4 ./Core/Src/display_TrafficLight.o
 .data.buttonPins
                0x0000000020000024        0x8 ./Core/Src/input_reading.o
 .data.SystemCoreClock
                0x000000002000002c        0x4 ./Core/Src/system_stm32f1xx.o
                0x000000002000002c                SystemCoreClock
 .data.uwTickPrio
                0x0000000020000030        0x4 ./Drivers/STM32F1xx_HAL_Driver/Src/stm32f1xx_hal.o
                0x0000000020000030                uwTickPrio
 .data.uwTickFreq
                0x0000000020000034        0x1 ./Drivers/STM32F1xx_HAL_Driver/Src/stm32f1xx_hal.o
                0x0000000020000034                uwTickFreq
 *(.RamFunc)
 *(.RamFunc*)
                0x0000000020000038                . = ALIGN (0x4)
 *fill*         0x0000000020000035        0x3 
                0x0000000020000038                _edata = .

.igot.plt       0x0000000020000038        0x0 load address 0x0000000008002a60
 .igot.plt      0x0000000020000038        0x0 d:/hcmut/nam 3/vi xu ly - vi dieu khien/set up/stm32cubeide/stm32cubeide_1.7.0/stm32cubeide/plugins/com.st.stm32cube.ide.mcu.externaltools.gnu-tools-for-stm32.9-2020-q2-update.win32_2.0.0.202105311346/tools/bin/../lib/gcc/arm-none-eabi/9.3.1/thumb/v7-m/nofp/crtbegin.o
                0x0000000020000038                . = ALIGN (0x4)

.bss            0x0000000020000038       0xc4 load address 0x0000000008002a60
                0x0000000020000038                _sbss = .
                0x0000000020000038                __bss_start__ = _sbss
 *(.bss)
 .bss           0x0000000020000038       0x1c d:/hcmut/nam 3/vi xu ly - vi dieu khien/set up/stm32cubeide/stm32cubeide_1.7.0/stm32cubeide/plugins/com.st.stm32cube.ide.mcu.externaltools.gnu-tools-for-stm32.9-2020-q2-update.win32_2.0.0.202105311346/tools/bin/../lib/gcc/arm-none-eabi/9.3.1/thumb/v7-m/nofp/crtbegin.o
 *(.bss*)
 .bss.scan_idx.5988
                0x0000000020000054        0x4 ./Core/Src/display_LED7SEG.o
 .bss.trafficRedDuration
                0x0000000020000058        0x4 ./Core/Src/display_TrafficLight.o
                0x0000000020000058                trafficRedDuration
 .bss.trafficYellowDuration
                0x000000002000005c        0x4 ./Core/Src/display_TrafficLight.o
                0x000000002000005c                trafficYellowDuration
 .bss.trafficGreenDuration
                0x0000000020000060        0x4 ./Core/Src/display_TrafficLight.o
                0x0000000020000060                trafficGreenDuration
 .bss.trafficState
                0x0000000020000064        0x2 ./Core/Src/display_TrafficLight.o
                0x0000000020000064                trafficState
 .bss.fsmState  0x0000000020000066        0x1 ./Core/Src/fsm_auto.o
                0x0000000020000066                fsmState
 *fill*         0x0000000020000067        0x1 
 .bss.buttonState
                0x0000000020000068        0x4 ./Core/Src/input_reading.o
 .bss.buttonDebounce0
                0x000000002000006c        0x4 ./Core/Src/input_reading.o
 .bss.buttonDebounce1
                0x0000000020000070        0x4 ./Core/Src/input_reading.o
 .bss.buttonDebounce2
                0x0000000020000074        0x4 ./Core/Src/input_reading.o
 .bss.buttonFlags
                0x0000000020000078        0x4 ./Core/Src/input_reading.o
 .bss.buttonCounters
                0x000000002000007c        0x8 ./Core/Src/input_reading.o
 *(COMMON)
 COMMON         0x0000000020000084        0xc ./Core/Src/display_LED7SEG.o
                0x0000000020000084                mode
                0x0000000020000088                secondSEG
                0x000000002000008c                firstSEG
 COMMON         0x0000000020000090       0x48 ./Core/Src/main.o
                0x0000000020000090                htim2
 COMMON         0x00000000200000d8       0x20 ./Core/Src/software_timer.o
                0x00000000200000d8                timer_counter
                0x00000000200000e8                timer_flag
 COMMON         0x00000000200000f8        0x4 ./Drivers/STM32F1xx_HAL_Driver/Src/stm32f1xx_hal.o
                0x00000000200000f8                uwTick
                0x00000000200000fc                . = ALIGN (0x4)
                0x00000000200000fc                _ebss = .
                0x00000000200000fc                __bss_end__ = _ebss

._user_heap_stack
                0x00000000200000fc      0x604 load address 0x0000000008002a60
                0x0000000020000100                . = ALIGN (0x8)
 *fill*         0x00000000200000fc        0x4 
                [!provide]                        PROVIDE (end = .)
                0x0000000020000100                PROVIDE (_end = .)
                0x0000000020000300                . = (. + _Min_Heap_Size)
 *fill*         0x0000000020000100      0x200 
                0x0000000020000700                . = (. + _Min_Stack_Size)
 *fill*         0x0000000020000300      0x400 
                0x0000000020000700                . = ALIGN (0x8)

/DISCARD/
 libc.a(*)
 libm.a(*)
 libgcc.a(*)

.ARM.attributes
                0x0000000000000000       0x29
 *(.ARM.attributes)
 .ARM.attributes
                0x0000000000000000       0x1d d:/hcmut/nam 3/vi xu ly - vi dieu khien/set up/stm32cubeide/stm32cubeide_1.7.0/stm32cubeide/plugins/com.st.stm32cube.ide.mcu.externaltools.gnu-tools-for-stm32.9-2020-q2-update.win32_2.0.0.202105311346/tools/bin/../lib/gcc/arm-none-eabi/9.3.1/thumb/v7-m/nofp/crti.o
 .ARM.attributes
                0x000000000000001d       0x2d d:/hcmut/nam 3/vi xu ly - vi dieu khien/set up/stm32cubeide/stm32cubeide_1.7.0/stm32cubeide/plugins/com.st.stm32cube.ide.mcu.externaltools.gnu-tools-for-stm32.9-2020-q2-update.win32_2.0.0.202105311346/tools/bin/../lib/gcc/arm-none-eabi/9.3.1/thumb/v7-m/nofp/crtbegin.o
 .ARM.attributes
                0x000000000000004a       0x2d ./Core/Src/display_LED7SEG.o
 .ARM.attributes
                0x0000000000000077       0x2d ./Core/Src/display_TrafficLight.o
 .ARM.attributes
                0x00000000000000a4       0x2d ./Core/Src/fsm_auto.o
 .ARM.attributes
                0x00000000000000d1       0x2d ./Core/Src/input_reading.o
 .ARM.attributes
                0x00000000000000fe       0x2d ./Core/Src/main.o
 .ARM.attributes
                0x000000000000012b       0x2d ./Core/Src/software_timer.o
 .ARM.attributes
                0x0000000000000158       0x2d ./Core/Src/stm32f1xx_hal_msp.o
 .ARM.attributes
                0x0000000000000185       0x2d ./Core/Src/stm32f1xx_it.o
 .ARM.attributes
                0x00000000000001b2       0x2d ./Core/Src/system_stm32f1xx.o
 .ARM.attributes
                0x00000000000001df       0x21 ./Core/Startup/startup_stm32f103c6ux.o
 .ARM.attributes
                0x0000000000000200       0x2d ./Drivers/STM32F1xx_HAL_Driver/Src/stm32f1xx_hal.o
 .ARM.attributes
                0x000000000000022d       0x2d ./Drivers/STM32F1xx_HAL_Driver/Src/stm32f1xx_hal_cortex.o
 .ARM.attributes
                0x000000000000025a       0x2d ./Drivers/STM32F1xx_HAL_Driver/Src/stm32f1xx_hal_gpio.o
 .ARM.attributes
                0x0000000000000287       0x2d ./Drivers/STM32F1xx_HAL_Driver/Src/stm32f1xx_hal_rcc.o
 .ARM.attributes
                0x00000000000002b4       0x2d ./Drivers/STM32F1xx_HAL_Driver/Src/stm32f1xx_hal_tim.o
 .ARM.attributes
                0x00000000000002e1       0x2d ./Drivers/STM32F1xx_HAL_Driver/Src/stm32f1xx_hal_tim_ex.o
 .ARM.attributes
                0x000000000000030e       0x2d d:/hcmut/nam 3/vi xu ly - vi dieu khien/set up/stm32cubeide/stm32cubeide_1.7.0/stm32cubeide/plugins/com.st.stm32cube.ide.mcu.externaltools.gnu-tools-for-stm32.9-2020-q2-update.win32_2.0.0.202105311346/tools/bin/../lib/gcc/arm-none-eabi/9.3.1/../../../../arm-none-eabi/lib/thumb/v7-m/nofp\libc_nano.a(lib_a-init.o)
 .ARM.attributes
                0x000000000000033b       0x2d d:/hcmut/nam 3/vi xu ly - vi dieu khien/set up/stm32cubeide/stm32cubeide_1.7.0/stm32cubeide/plugins/com.st.stm32cube.ide.mcu.externaltools.gnu-tools-for-stm32.9-2020-q2-update.win32_2.0.0.202105311346/tools/bin/../lib/gcc/arm-none-eabi/9.3.1/../../../../arm-none-eabi/lib/thumb/v7-m/nofp\libc_nano.a(lib_a-memset.o)
 .ARM.attributes
                0x0000000000000368       0x1d d:/hcmut/nam 3/vi xu ly - vi dieu khien/set up/stm32cubeide/stm32cubeide_1.7.0/stm32cubeide/plugins/com.st.stm32cube.ide.mcu.externaltools.gnu-tools-for-stm32.9-2020-q2-update.win32_2.0.0.202105311346/tools/bin/../lib/gcc/arm-none-eabi/9.3.1/thumb/v7-m/nofp/crtn.o
OUTPUT(Lab3_Exercise.elf elf32-littlearm)
LOAD linker stubs
LOAD d:/hcmut/nam 3/vi xu ly - vi dieu khien/set up/stm32cubeide/stm32cubeide_1.7.0/stm32cubeide/plugins/com.st.stm32cube.ide.mcu.externaltools.gnu-tools-for-stm32.9-2020-q2-update.win32_2.0.0.202105311346/tools/bin/../lib/gcc/arm-none-eabi/9.3.1/../../../../arm-none-eabi/lib/thumb/v7-m/nofp\libc.a
LOAD d:/hcmut/nam 3/vi xu ly - vi dieu khien/set up/stm32cubeide/stm32cubeide_1.7.0/stm32cubeide/plugins/com.st.stm32cube.ide.mcu.externaltools.gnu-tools-for-stm32.9-2020-q2-update.win32_2.0.0.202105311346/tools/bin/../lib/gcc/arm-none-eabi/9.3.1/../../../../arm-none-eabi/lib/thumb/v7-m/nofp\libm.a
LOAD d:/hcmut/nam 3/vi xu ly - vi dieu khien/set up/stm32cubeide/stm32cubeide_1.7.0/stm32cubeide/plugins/com.st.stm32cube.ide.mcu.externaltools.gnu-tools-for-stm32.9-2020-q2-update.win32_2.0.0.202105311346/tools/bin/../lib/gcc/arm-none-eabi/9.3.1/thumb/v7-m/nofp\libgcc.a

.debug_info     0x0000000000000000     0x9285
 .debug_info    0x0000000000000000      0x2d8 ./Core/Src/display_LED7SEG.o
 .debug_info    0x00000000000002d8      0x3a9 ./Core/Src/display_TrafficLight.o
 .debug_info    0x0000000000000681      0x296 ./Core/Src/fsm_auto.o
 .debug_info    0x0000000000000917      0x33d ./Core/Src/input_reading.o
 .debug_info    0x0000000000000c54      0xc25 ./Core/Src/main.o
 .debug_info    0x0000000000001879      0x11b ./Core/Src/software_timer.o
 .debug_info    0x0000000000001994      0xa09 ./Core/Src/stm32f1xx_hal_msp.o
 .debug_info    0x000000000000239d      0x7b9 ./Core/Src/stm32f1xx_it.o
 .debug_info    0x0000000000002b56      0x2be ./Core/Src/system_stm32f1xx.o
 .debug_info    0x0000000000002e14       0x22 ./Core/Startup/startup_stm32f103c6ux.o
 .debug_info    0x0000000000002e36      0x74c ./Drivers/STM32F1xx_HAL_Driver/Src/stm32f1xx_hal.o
 .debug_info    0x0000000000003582      0xbbe ./Drivers/STM32F1xx_HAL_Driver/Src/stm32f1xx_hal_cortex.o
 .debug_info    0x0000000000004140      0x701 ./Drivers/STM32F1xx_HAL_Driver/Src/stm32f1xx_hal_gpio.o
 .debug_info    0x0000000000004841      0x893 ./Drivers/STM32F1xx_HAL_Driver/Src/stm32f1xx_hal_rcc.o
 .debug_info    0x00000000000050d4     0x2c32 ./Drivers/STM32F1xx_HAL_Driver/Src/stm32f1xx_hal_tim.o
 .debug_info    0x0000000000007d06     0x157f ./Drivers/STM32F1xx_HAL_Driver/Src/stm32f1xx_hal_tim_ex.o

.debug_abbrev   0x0000000000000000     0x1b24
 .debug_abbrev  0x0000000000000000      0x15d ./Core/Src/display_LED7SEG.o
 .debug_abbrev  0x000000000000015d      0x174 ./Core/Src/display_TrafficLight.o
 .debug_abbrev  0x00000000000002d1      0x10d ./Core/Src/fsm_auto.o
 .debug_abbrev  0x00000000000003de      0x141 ./Core/Src/input_reading.o
 .debug_abbrev  0x000000000000051f      0x25d ./Core/Src/main.o
 .debug_abbrev  0x000000000000077c       0xfc ./Core/Src/software_timer.o
 .debug_abbrev  0x0000000000000878      0x1b7 ./Core/Src/stm32f1xx_hal_msp.o
 .debug_abbrev  0x0000000000000a2f      0x176 ./Core/Src/stm32f1xx_it.o
 .debug_abbrev  0x0000000000000ba5      0x14e ./Core/Src/system_stm32f1xx.o
 .debug_abbrev  0x0000000000000cf3       0x12 ./Core/Startup/startup_stm32f103c6ux.o
 .debug_abbrev  0x0000000000000d05      0x1ed ./Drivers/STM32F1xx_HAL_Driver/Src/stm32f1xx_hal.o
 .debug_abbrev  0x0000000000000ef2      0x313 ./Drivers/STM32F1xx_HAL_Driver/Src/stm32f1xx_hal_cortex.o
 .debug_abbrev  0x0000000000001205      0x1e8 ./Drivers/STM32F1xx_HAL_Driver/Src/stm32f1xx_hal_gpio.o
 .debug_abbrev  0x00000000000013ed      0x273 ./Drivers/STM32F1xx_HAL_Driver/Src/stm32f1xx_hal_rcc.o
 .debug_abbrev  0x0000000000001660      0x25e ./Drivers/STM32F1xx_HAL_Driver/Src/stm32f1xx_hal_tim.o
 .debug_abbrev  0x00000000000018be      0x266 ./Drivers/STM32F1xx_HAL_Driver/Src/stm32f1xx_hal_tim_ex.o

.debug_aranges  0x0000000000000000      0xa18
 .debug_aranges
                0x0000000000000000       0x30 ./Core/Src/display_LED7SEG.o
 .debug_aranges
                0x0000000000000030       0x28 ./Core/Src/display_TrafficLight.o
 .debug_aranges
                0x0000000000000058       0x30 ./Core/Src/fsm_auto.o
 .debug_aranges
                0x0000000000000088       0x28 ./Core/Src/input_reading.o
 .debug_aranges
                0x00000000000000b0       0x48 ./Core/Src/main.o
 .debug_aranges
                0x00000000000000f8       0x38 ./Core/Src/software_timer.o
 .debug_aranges
                0x0000000000000130       0x30 ./Core/Src/stm32f1xx_hal_msp.o
 .debug_aranges
                0x0000000000000160       0x68 ./Core/Src/stm32f1xx_it.o
 .debug_aranges
                0x00000000000001c8       0x28 ./Core/Src/system_stm32f1xx.o
 .debug_aranges
                0x00000000000001f0       0x28 ./Core/Startup/startup_stm32f103c6ux.o
 .debug_aranges
                0x0000000000000218       0xe0 ./Drivers/STM32F1xx_HAL_Driver/Src/stm32f1xx_hal.o
 .debug_aranges
                0x00000000000002f8      0x100 ./Drivers/STM32F1xx_HAL_Driver/Src/stm32f1xx_hal_cortex.o
 .debug_aranges
                0x00000000000003f8       0x58 ./Drivers/STM32F1xx_HAL_Driver/Src/stm32f1xx_hal_gpio.o
 .debug_aranges
                0x0000000000000450       0x90 ./Drivers/STM32F1xx_HAL_Driver/Src/stm32f1xx_hal_rcc.o
 .debug_aranges
                0x00000000000004e0      0x3d0 ./Drivers/STM32F1xx_HAL_Driver/Src/stm32f1xx_hal_tim.o
 .debug_aranges
                0x00000000000008b0      0x168 ./Drivers/STM32F1xx_HAL_Driver/Src/stm32f1xx_hal_tim_ex.o

.debug_ranges   0x0000000000000000      0x920
 .debug_ranges  0x0000000000000000       0x20 ./Core/Src/display_LED7SEG.o
 .debug_ranges  0x0000000000000020       0x18 ./Core/Src/display_TrafficLight.o
 .debug_ranges  0x0000000000000038       0x20 ./Core/Src/fsm_auto.o
 .debug_ranges  0x0000000000000058       0x18 ./Core/Src/input_reading.o
 .debug_ranges  0x0000000000000070       0x38 ./Core/Src/main.o
 .debug_ranges  0x00000000000000a8       0x28 ./Core/Src/software_timer.o
 .debug_ranges  0x00000000000000d0       0x20 ./Core/Src/stm32f1xx_hal_msp.o
 .debug_ranges  0x00000000000000f0       0x58 ./Core/Src/stm32f1xx_it.o
 .debug_ranges  0x0000000000000148       0x18 ./Core/Src/system_stm32f1xx.o
 .debug_ranges  0x0000000000000160       0x20 ./Core/Startup/startup_stm32f103c6ux.o
 .debug_ranges  0x0000000000000180       0xd0 ./Drivers/STM32F1xx_HAL_Driver/Src/stm32f1xx_hal.o
 .debug_ranges  0x0000000000000250       0xf0 ./Drivers/STM32F1xx_HAL_Driver/Src/stm32f1xx_hal_cortex.o
 .debug_ranges  0x0000000000000340       0x48 ./Drivers/STM32F1xx_HAL_Driver/Src/stm32f1xx_hal_gpio.o
 .debug_ranges  0x0000000000000388       0x80 ./Drivers/STM32F1xx_HAL_Driver/Src/stm32f1xx_hal_rcc.o
 .debug_ranges  0x0000000000000408      0x3c0 ./Drivers/STM32F1xx_HAL_Driver/Src/stm32f1xx_hal_tim.o
 .debug_ranges  0x00000000000007c8      0x158 ./Drivers/STM32F1xx_HAL_Driver/Src/stm32f1xx_hal_tim_ex.o

.debug_macro    0x0000000000000000    0x16b1d
 .debug_macro   0x0000000000000000      0x1be ./Core/Src/display_LED7SEG.o
 .debug_macro   0x00000000000001be      0xa9c ./Core/Src/display_LED7SEG.o
 .debug_macro   0x0000000000000c5a      0x215 ./Core/Src/display_LED7SEG.o
 .debug_macro   0x0000000000000e6f       0x2e ./Core/Src/display_LED7SEG.o
 .debug_macro   0x0000000000000e9d       0x22 ./Core/Src/display_LED7SEG.o
 .debug_macro   0x0000000000000ebf       0x22 ./Core/Src/display_LED7SEG.o
 .debug_macro   0x0000000000000ee1       0x8e ./Core/Src/display_LED7SEG.o
 .debug_macro   0x0000000000000f6f       0x51 ./Core/Src/display_LED7SEG.o
 .debug_macro   0x0000000000000fc0      0x103 ./Core/Src/display_LED7SEG.o
 .debug_macro   0x00000000000010c3       0x6a ./Core/Src/display_LED7SEG.o
 .debug_macro   0x000000000000112d      0x1df ./Core/Src/display_LED7SEG.o
 .debug_macro   0x000000000000130c       0x1c ./Core/Src/display_LED7SEG.o
 .debug_macro   0x0000000000001328       0x22 ./Core/Src/display_LED7SEG.o
 .debug_macro   0x000000000000134a       0xc3 ./Core/Src/display_LED7SEG.o
 .debug_macro   0x000000000000140d      0xd23 ./Core/Src/display_LED7SEG.o
 .debug_macro   0x0000000000002130     0xde75 ./Core/Src/display_LED7SEG.o
 .debug_macro   0x000000000000ffa5       0x6d ./Core/Src/display_LED7SEG.o
 .debug_macro   0x0000000000010012     0x34a2 ./Core/Src/display_LED7SEG.o
 .debug_macro   0x00000000000134b4      0x174 ./Core/Src/display_LED7SEG.o
 .debug_macro   0x0000000000013628       0x5c ./Core/Src/display_LED7SEG.o
 .debug_macro   0x0000000000013684      0x5bc ./Core/Src/display_LED7SEG.o
 .debug_macro   0x0000000000013c40      0x1b7 ./Core/Src/display_LED7SEG.o
 .debug_macro   0x0000000000013df7      0x1cb ./Core/Src/display_LED7SEG.o
 .debug_macro   0x0000000000013fc2      0x114 ./Core/Src/display_LED7SEG.o
 .debug_macro   0x00000000000140d6      0x1b2 ./Core/Src/display_LED7SEG.o
 .debug_macro   0x0000000000014288       0x27 ./Core/Src/display_LED7SEG.o
 .debug_macro   0x00000000000142af      0x12f ./Core/Src/display_LED7SEG.o
 .debug_macro   0x00000000000143de      0x1bc ./Core/Src/display_LED7SEG.o
 .debug_macro   0x000000000001459a       0x34 ./Core/Src/display_LED7SEG.o
 .debug_macro   0x00000000000145ce       0x3c ./Core/Src/display_LED7SEG.o
 .debug_macro   0x000000000001460a       0x57 ./Core/Src/display_LED7SEG.o
 .debug_macro   0x0000000000014661       0x87 ./Core/Src/display_LED7SEG.o
 .debug_macro   0x00000000000146e8      0x183 ./Core/Src/display_LED7SEG.o
 .debug_macro   0x000000000001486b      0x140 ./Core/Src/display_LED7SEG.o
 .debug_macro   0x00000000000149ab      0x8ed ./Core/Src/display_LED7SEG.o
 .debug_macro   0x0000000000015298       0x69 ./Core/Src/display_LED7SEG.o
 .debug_macro   0x0000000000015301      0x118 ./Core/Src/display_LED7SEG.o
 .debug_macro   0x0000000000015419       0x16 ./Core/Src/display_LED7SEG.o
 .debug_macro   0x000000000001542f       0x10 ./Core/Src/display_LED7SEG.o
 .debug_macro   0x000000000001543f      0x1b5 ./Core/Src/display_TrafficLight.o
 .debug_macro   0x00000000000155f4       0x16 ./Core/Src/display_TrafficLight.o
 .debug_macro   0x000000000001560a      0x1da ./Core/Src/fsm_auto.o
 .debug_macro   0x00000000000157e4       0x22 ./Core/Src/fsm_auto.o
 .debug_macro   0x0000000000015806       0x16 ./Core/Src/fsm_auto.o
 .debug_macro   0x000000000001581c       0x1c ./Core/Src/fsm_auto.o
 .debug_macro   0x0000000000015838      0x1be ./Core/Src/input_reading.o
 .debug_macro   0x00000000000159f6      0x1ee ./Core/Src/main.o
 .debug_macro   0x0000000000015be4       0x20 ./Core/Src/software_timer.o
 .debug_macro   0x0000000000015c04      0x1a6 ./Core/Src/stm32f1xx_hal_msp.o
 .debug_macro   0x0000000000015daa      0x1b0 ./Core/Src/stm32f1xx_it.o
 .debug_macro   0x0000000000015f5a      0x197 ./Core/Src/system_stm32f1xx.o
 .debug_macro   0x00000000000160f1      0x1bb ./Drivers/STM32F1xx_HAL_Driver/Src/stm32f1xx_hal.o
 .debug_macro   0x00000000000162ac      0x197 ./Drivers/STM32F1xx_HAL_Driver/Src/stm32f1xx_hal_cortex.o
 .debug_macro   0x0000000000016443      0x202 ./Drivers/STM32F1xx_HAL_Driver/Src/stm32f1xx_hal_gpio.o
 .debug_macro   0x0000000000016645      0x1a9 ./Drivers/STM32F1xx_HAL_Driver/Src/stm32f1xx_hal_rcc.o
 .debug_macro   0x00000000000167ee      0x198 ./Drivers/STM32F1xx_HAL_Driver/Src/stm32f1xx_hal_tim.o
 .debug_macro   0x0000000000016986      0x197 ./Drivers/STM32F1xx_HAL_Driver/Src/stm32f1xx_hal_tim_ex.o

.debug_line     0x0000000000000000     0xc6b9
 .debug_line    0x0000000000000000      0x8ae ./Core/Src/display_LED7SEG.o
 .debug_line    0x00000000000008ae      0x83f ./Core/Src/display_TrafficLight.o
 .debug_line    0x00000000000010ed      0xad6 ./Core/Src/fsm_auto.o
 .debug_line    0x0000000000001bc3      0x897 ./Core/Src/input_reading.o
 .debug_line    0x000000000000245a      0x953 ./Core/Src/main.o
 .debug_line    0x0000000000002dad       0xf8 ./Core/Src/software_timer.o
 .debug_line    0x0000000000002ea5      0x806 ./Core/Src/stm32f1xx_hal_msp.o
 .debug_line    0x00000000000036ab      0x8a4 ./Core/Src/stm32f1xx_it.o
 .debug_line    0x0000000000003f4f      0x848 ./Core/Src/system_stm32f1xx.o
 .debug_line    0x0000000000004797       0x86 ./Core/Startup/startup_stm32f103c6ux.o
 .debug_line    0x000000000000481d      0xa75 ./Drivers/STM32F1xx_HAL_Driver/Src/stm32f1xx_hal.o
 .debug_line    0x0000000000005292      0xc5d ./Drivers/STM32F1xx_HAL_Driver/Src/stm32f1xx_hal_cortex.o
 .debug_line    0x0000000000005eef      0xaf8 ./Drivers/STM32F1xx_HAL_Driver/Src/stm32f1xx_hal_gpio.o
 .debug_line    0x00000000000069e7      0xe81 ./Drivers/STM32F1xx_HAL_Driver/Src/stm32f1xx_hal_rcc.o
 .debug_line    0x0000000000007868     0x34c6 ./Drivers/STM32F1xx_HAL_Driver/Src/stm32f1xx_hal_tim.o
 .debug_line    0x000000000000ad2e     0x198b ./Drivers/STM32F1xx_HAL_Driver/Src/stm32f1xx_hal_tim_ex.o

.debug_str      0x0000000000000000    0x8259e
 .debug_str     0x0000000000000000    0x7f8b0 ./Core/Src/display_LED7SEG.o
                                      0x7fc03 (size before relaxing)
 .debug_str     0x000000000007f8b0      0x18f ./Core/Src/display_TrafficLight.o
                                      0x7fccb (size before relaxing)
 .debug_str     0x000000000007fa3f      0x11e ./Core/Src/fsm_auto.o
                                      0x7fd6e (size before relaxing)
 .debug_str     0x000000000007fb5d       0xac ./Core/Src/input_reading.o
                                      0x7fc95 (size before relaxing)
 .debug_str     0x000000000007fc09      0x6df ./Core/Src/main.o
                                      0x804ba (size before relaxing)
 .debug_str     0x00000000000802e8       0x72 ./Core/Src/software_timer.o
                                       0x2e18 (size before relaxing)
 .debug_str     0x000000000008035a      0x2ba ./Core/Src/stm32f1xx_hal_msp.o
                                      0x80314 (size before relaxing)
 .debug_str     0x0000000000080614       0xcd ./Core/Src/stm32f1xx_it.o
                                      0x80076 (size before relaxing)
 .debug_str     0x00000000000806e1       0x52 ./Core/Src/system_stm32f1xx.o
                                      0x7f786 (size before relaxing)
 .debug_str     0x0000000000080733       0x36 ./Core/Startup/startup_stm32f103c6ux.o
                                         0x7a (size before relaxing)
 .debug_str     0x0000000000080769      0x304 ./Drivers/STM32F1xx_HAL_Driver/Src/stm32f1xx_hal.o
                                      0x7fddd (size before relaxing)
 .debug_str     0x0000000000080a6d      0x300 ./Drivers/STM32F1xx_HAL_Driver/Src/stm32f1xx_hal_cortex.o
                                      0x7fde5 (size before relaxing)
 .debug_str     0x0000000000080d6d      0x316 ./Drivers/STM32F1xx_HAL_Driver/Src/stm32f1xx_hal_gpio.o
                                      0x7fb4a (size before relaxing)
 .debug_str     0x0000000000081083      0x24f ./Drivers/STM32F1xx_HAL_Driver/Src/stm32f1xx_hal_rcc.o
                                      0x7fb83 (size before relaxing)
 .debug_str     0x00000000000812d2      0xdde ./Drivers/STM32F1xx_HAL_Driver/Src/stm32f1xx_hal_tim.o
                                      0x80b6c (size before relaxing)
 .debug_str     0x00000000000820b0      0x4ee ./Drivers/STM32F1xx_HAL_Driver/Src/stm32f1xx_hal_tim_ex.o
                                      0x8030d (size before relaxing)

.comment        0x0000000000000000       0x53
 .comment       0x0000000000000000       0x53 ./Core/Src/display_LED7SEG.o
                                         0x54 (size before relaxing)
 .comment       0x0000000000000053       0x54 ./Core/Src/display_TrafficLight.o
 .comment       0x0000000000000053       0x54 ./Core/Src/fsm_auto.o
 .comment       0x0000000000000053       0x54 ./Core/Src/input_reading.o
 .comment       0x0000000000000053       0x54 ./Core/Src/main.o
 .comment       0x0000000000000053       0x54 ./Core/Src/software_timer.o
 .comment       0x0000000000000053       0x54 ./Core/Src/stm32f1xx_hal_msp.o
 .comment       0x0000000000000053       0x54 ./Core/Src/stm32f1xx_it.o
 .comment       0x0000000000000053       0x54 ./Core/Src/system_stm32f1xx.o
 .comment       0x0000000000000053       0x54 ./Drivers/STM32F1xx_HAL_Driver/Src/stm32f1xx_hal.o
 .comment       0x0000000000000053       0x54 ./Drivers/STM32F1xx_HAL_Driver/Src/stm32f1xx_hal_cortex.o
 .comment       0x0000000000000053       0x54 ./Drivers/STM32F1xx_HAL_Driver/Src/stm32f1xx_hal_gpio.o
 .comment       0x0000000000000053       0x54 ./Drivers/STM32F1xx_HAL_Driver/Src/stm32f1xx_hal_rcc.o
 .comment       0x0000000000000053       0x54 ./Drivers/STM32F1xx_HAL_Driver/Src/stm32f1xx_hal_tim.o
 .comment       0x0000000000000053       0x54 ./Drivers/STM32F1xx_HAL_Driver/Src/stm32f1xx_hal_tim_ex.o

.debug_frame    0x0000000000000000     0x27fc
 .debug_frame   0x0000000000000000       0x70 ./Core/Src/display_LED7SEG.o
 .debug_frame   0x0000000000000070       0x50 ./Core/Src/display_TrafficLight.o
 .debug_frame   0x00000000000000c0       0x6c ./Core/Src/fsm_auto.o
 .debug_frame   0x000000000000012c       0x5c ./Core/Src/input_reading.o
 .debug_frame   0x0000000000000188       0xd4 ./Core/Src/main.o
 .debug_frame   0x000000000000025c       0xb0 ./Core/Src/software_timer.o
 .debug_frame   0x000000000000030c       0x80 ./Core/Src/stm32f1xx_hal_msp.o
 .debug_frame   0x000000000000038c      0x120 ./Core/Src/stm32f1xx_it.o
 .debug_frame   0x00000000000004ac       0x58 ./Core/Src/system_stm32f1xx.o
 .debug_frame   0x0000000000000504      0x334 ./Drivers/STM32F1xx_HAL_Driver/Src/stm32f1xx_hal.o
 .debug_frame   0x0000000000000838      0x428 ./Drivers/STM32F1xx_HAL_Driver/Src/stm32f1xx_hal_cortex.o
 .debug_frame   0x0000000000000c60      0x14c ./Drivers/STM32F1xx_HAL_Driver/Src/stm32f1xx_hal_gpio.o
 .debug_frame   0x0000000000000dac      0x218 ./Drivers/STM32F1xx_HAL_Driver/Src/stm32f1xx_hal_rcc.o
 .debug_frame   0x0000000000000fc4     0x11b4 ./Drivers/STM32F1xx_HAL_Driver/Src/stm32f1xx_hal_tim.o
 .debug_frame   0x0000000000002178      0x638 ./Drivers/STM32F1xx_HAL_Driver/Src/stm32f1xx_hal_tim_ex.o
 .debug_frame   0x00000000000027b0       0x2c d:/hcmut/nam 3/vi xu ly - vi dieu khien/set up/stm32cubeide/stm32cubeide_1.7.0/stm32cubeide/plugins/com.st.stm32cube.ide.mcu.externaltools.gnu-tools-for-stm32.9-2020-q2-update.win32_2.0.0.202105311346/tools/bin/../lib/gcc/arm-none-eabi/9.3.1/../../../../arm-none-eabi/lib/thumb/v7-m/nofp\libc_nano.a(lib_a-init.o)
 .debug_frame   0x00000000000027dc       0x20 d:/hcmut/nam 3/vi xu ly - vi dieu khien/set up/stm32cubeide/stm32cubeide_1.7.0/stm32cubeide/plugins/com.st.stm32cube.ide.mcu.externaltools.gnu-tools-for-stm32.9-2020-q2-update.win32_2.0.0.202105311346/tools/bin/../lib/gcc/arm-none-eabi/9.3.1/../../../../arm-none-eabi/lib/thumb/v7-m/nofp\libc_nano.a(lib_a-memset.o)
